============================= test session starts =============================
platform win32 -- Python 3.13.5, pytest-8.3.4, pluggy-1.5.0 -- C:\ProgramData\anaconda3\python.exe
cachedir: .pytest_cache
rootdir: E:\code.projects\astrology
configfile: pytest.ini
testpaths: src/tests
plugins: Faker-37.11.0, asyncio-1.2.0, cov-7.0.0, anyio-4.12.1, hydra-core-1.3.2, langsmith-0.6.6, mock-3.15.1
asyncio: mode=Mode.AUTO, debug=False, asyncio_default_fixture_loop_scope=function, asyncio_default_test_loop_scope=function
collecting ... collected 73 items

src/tests/test_advanced_mechanics.py::test_hermetic_lots PASSED          [  1%]
src/tests/test_advanced_mechanics.py::test_monomoiria PASSED             [  2%]
src/tests/test_advanced_mechanics.py::test_almuten_scoring PASSED        [  4%]
src/tests/test_advanced_mechanics.py::test_doryphory PASSED              [  5%]
src/tests/test_advanced_mechanics.py::test_dodecatemoria PASSED          [  6%]
src/tests/test_advanced_pillars.py::test_forensic_auditor_instantiation PASSED [  8%]
src/tests/test_advanced_pillars.py::test_forensic_generate_nativity_smoke PASSED [  9%]
src/tests/test_advanced_pillars.py::test_electional_engine_smoke PASSED  [ 10%]
src/tests/test_advanced_pillars.py::test_horary_oracle_smoke PASSED      [ 12%]
src/tests/test_api_integration.py::test_health_check PASSED              [ 13%]
src/tests/test_api_integration.py::test_calculate_endpoint_free PASSED   [ 15%]
src/tests/test_api_integration.py::test_auth_validate_session PASSED     [ 16%]
src/tests/test_api_integration.py::test_token_creation PASSED            [ 17%]
src/tests/test_calculator.py::test_get_coordinates PASSED                [ 19%]
src/tests/test_calculator.py::test_get_timezone PASSED                   [ 20%]
src/tests/test_calculator.py::test_get_local_datetime_now PASSED         [ 21%]
src/tests/test_calculator.py::test_calculate_chart_data_integration PASSED [ 23%]
src/tests/test_calculator.py::test_chart_calculator_class_compatibility PASSED [ 24%]
src/tests/test_calculator.py::test_julian_day_conversion PASSED          [ 26%]
src/tests/test_calculator.py::test_astronomy_functions PASSED            [ 27%]
src/tests/test_commercial_roadmap.py::test_enforce_rate_limit_agency PASSED [ 28%]
src/tests/test_commercial_roadmap.py::test_enforce_rate_limit_free_fallback PASSED [ 30%]
src/tests/test_commercial_roadmap.py::test_enforce_rate_limit_exceeded PASSED [ 31%]
src/tests/test_db_auth.py::test_auth_flow PASSED                         [ 32%]
src/tests/test_lot_library.py::test_lot_expansion PASSED                 [ 34%]
src/tests/test_lot_library.py::test_hermetic_engine_enrichment PASSED    [ 35%]
src/tests/test_lot_library.py::test_audit_integration PASSED             [ 36%]
src/tests/test_manual_options.py::test_options PASSED                    [ 38%]
src/tests/test_medical.py::test_melothesia PASSED                        [ 39%]
src/tests/test_medical.py::test_surgery_logic PASSED                     [ 41%]
src/tests/test_medical.py::test_mercury_inference PASSED                 [ 42%]
src/tests/test_models.py::test_planet_sign_calculation PASSED            [ 43%]
src/tests/test_models.py::test_planet_is_retrograde PASSED               [ 45%]
src/tests/test_models.py::test_planet_defaults PASSED                    [ 46%]
src/tests/test_monetization.py::test_restore_session_invalid_token PASSED [ 47%]
src/tests/test_monetization.py::test_restore_session_flow PASSED         [ 49%]
src/tests/test_monetization.py::test_restore_session_no_data PASSED      [ 50%]
src/tests/test_mundane_pillars.py::test_mean_motion_constants PASSED     [ 52%]
src/tests/test_mundane_pillars.py::test_mean_conjunction_era PASSED      [ 53%]
src/tests/test_mundane_pillars.py::test_mighty_firdaria PASSED           [ 54%]
src/tests/test_mundane_pillars.py::test_al_mubtazz_scoring PASSED        [ 56%]
src/tests/test_mundane_pillars.py::test_hierarchy_report_integration PASSED [ 57%]
src/tests/test_notifications.py::test_admin_notifications PASSED         [ 58%]
src/tests/test_oracle_refactor.py::test_oracle_loading PASSED            [ 60%]
src/tests/test_oracle_refactor.py::test_paid_tier_sequence PASSED        [ 61%]
src/tests/test_pillar6_solar_return.py::test_lord_of_the_year_synthesis PASSED [ 63%]
src/tests/test_pillar7_world_firdaria.py::test_world_firdaria_calculation PASSED [ 64%]
src/tests/test_planetary_hours.py::test_planetary_hours_logic PASSED     [ 65%]
src/tests/test_planetary_hours.py::test_chaldean_order PASSED            [ 67%]
src/tests/test_planetary_hours.py::test_day_rulers_all_week[22-Sun] PASSED [ 68%]
src/tests/test_planetary_hours.py::test_day_rulers_all_week[23-Moon] PASSED [ 69%]
src/tests/test_planetary_hours.py::test_day_rulers_all_week[24-Mars] PASSED [ 71%]
src/tests/test_planetary_hours.py::test_day_rulers_all_week[25-Mercury] PASSED [ 72%]
src/tests/test_planetary_hours.py::test_day_rulers_all_week[26-Jupiter] PASSED [ 73%]
src/tests/test_planetary_hours.py::test_day_rulers_all_week[27-Venus] PASSED [ 75%]
src/tests/test_planetary_hours.py::test_day_rulers_all_week[28-Saturn] PASSED [ 76%]
src/tests/test_planetary_hours.py::test_night_phase PASSED               [ 78%]
src/tests/test_planetary_hours.py::test_classical_mechanics_day_lord PASSED [ 79%]
src/tests/test_primary_directions.py::test_coordinate_conversion PASSED  [ 80%]
src/tests/test_primary_directions.py::test_semi_arcs PASSED              [ 82%]
src/tests/test_primary_directions.py::test_directions_to_angles PASSED   [ 83%]
src/tests/test_purchase_flow.py::test_onetime_purchase_flow PASSED       [ 84%]
src/tests/test_synastry.py::test_synastry PASSED                         [ 86%]
src/tests/test_traditional_pillars.py::test_alcabitius_houses PASSED     [ 87%]
src/tests/test_traditional_pillars.py::test_planetary_phasis_logic PASSED [ 89%]
src/tests/test_traditional_pillars.py::test_solar_proximity PASSED       [ 90%]
src/tests/test_traditional_pillars.py::test_decennial_apheta_selection PASSED [ 91%]
src/tests/test_traditional_pillars.py::test_decennial_sequence PASSED    [ 93%]
src/tests/test_traditional_pillars.py::test_phasis_stationarity PASSED   [ 94%]
src/tests/test_vitality.py::test_hyleg_selection PASSED                  [ 95%]
src/tests/test_vitality.py::test_alcocoden_selection PASSED              [ 97%]
src/tests/test_vitality.py::test_lifespan_calculation PASSED             [ 98%]
src/tests/test_zr.py::test_zr PASSED                                     [100%]

============================= 73 passed in 9.36s ==============================
