============================= test session starts =============================
platform win32 -- Python 3.13.5, pytest-8.3.4, pluggy-1.5.0 -- C:\ProgramData\anaconda3\python.exe
cachedir: .pytest_cache
rootdir: E:\code.projects\astrology
configfile: pytest.ini
plugins: Faker-37.11.0, asyncio-1.2.0, cov-7.0.0, anyio-4.12.1, hydra-core-1.3.2, langsmith-0.6.6, mock-3.15.1
asyncio: mode=Mode.AUTO, debug=False, asyncio_default_fixture_loop_scope=function, asyncio_default_test_loop_scope=function
collecting ... collected 3 items

src/tests/test_horary_perfections.py::test_void_of_course_hellenistic FAILED [ 33%]
src/tests/test_horary_perfections.py::test_besiegement PASSED            [ 66%]
src/tests/test_horary_perfections.py::test_strictures PASSED             [100%]

================================== FAILURES ===================================
_______________________ test_void_of_course_hellenistic _______________________

    def test_void_of_course_hellenistic():
        # Hellenistic moon requires an EXACT aspect within 30 degrees.
        moon = Planet(name=PlanetName.MOON, longitude=15.0, speed=13.0)
    
        # Planet at 40 degrees. Moon is at 15. Distance is 25.
        # Moon applies by conjunction (0 deg aspect) if within 30.
        p_close = Planet(name=PlanetName.VENUS, longitude=40.0, speed=1.2)
        chart1 = Chart(sun_altitude=10, planets=[moon, p_close], ascendant=0)
    
        # Not void of course, since 40 - 15 = 25 degrees away, which is <= 30
>       assert check_void_of_course_hellenistic(moon, chart1) is False
E       AssertionError: assert True is False
E        +  where True = check_void_of_course_hellenistic(Planet(name=<PlanetName.MOON: 'Moon'>, longitude=15.0, latitude=0.0, speed=13.0, altitude=0.0, phase=None, solar_proximity=None, is_oriental=False, in_chariot=False, is_visible=True), Chart(sun_altitude=10, planets=[Planet(name=<PlanetName.MOON: 'Moon'>, longitude=15.0, latitude=0.0, speed=13.0, altitude=0.0, phase=None, solar_proximity=None, is_oriental=False, in_chariot=False, is_visible=True), Planet(name=<PlanetName.VENUS: 'Venus'>, longitude=40.0, latitude=0.0, speed=1.2, altitude=0.0, phase=None, solar_proximity=None, is_oriental=False, in_chariot=False, is_visible=True)], ascendant=0, mc=0.0, north_node=0.0, south_node=0.0, geo_lat=None, geo_lon=None, jd=None, houses=None, house_system=None))

src\tests\test_horary_perfections.py:15: AssertionError
=========================== short test summary info ===========================
FAILED src/tests/test_horary_perfections.py::test_void_of_course_hellenistic
========================= 1 failed, 2 passed in 0.26s =========================
