============================= test session starts =============================
platform win32 -- Python 3.13.5, pytest-8.3.4, pluggy-1.5.0 -- C:\ProgramData\anaconda3\python.exe
cachedir: .pytest_cache
rootdir: E:\code.projects\astrology
configfile: pytest.ini
plugins: Faker-37.11.0, asyncio-1.2.0, cov-7.0.0, anyio-4.12.1, hydra-core-1.3.2, langsmith-0.6.6, mock-3.15.1
asyncio: mode=Mode.AUTO, debug=False, asyncio_default_fixture_loop_scope=function, asyncio_default_test_loop_scope=function
collecting ... collected 520 items

src/tests/test_advanced_mechanics.py::test_hermetic_lots PASSED          [  0%]
src/tests/test_advanced_mechanics.py::test_monomoiria PASSED             [  0%]
src/tests/test_advanced_mechanics.py::test_almuten_scoring PASSED        [  0%]
src/tests/test_advanced_mechanics.py::test_doryphory PASSED              [  0%]
src/tests/test_advanced_mechanics.py::test_dodecatemoria PASSED          [  0%]
src/tests/test_advanced_pillars.py::test_forensic_auditor_instantiation PASSED [  1%]
src/tests/test_advanced_pillars.py::test_forensic_generate_nativity_smoke PASSED [  1%]
src/tests/test_advanced_pillars.py::test_electional_engine_smoke PASSED  [  1%]
src/tests/test_advanced_pillars.py::test_horary_oracle_smoke PASSED      [  1%]
src/tests/test_api_integration.py::test_health_check PASSED              [  1%]
src/tests/test_api_integration.py::test_healthz_endpoint PASSED          [  2%]
src/tests/test_api_integration.py::test_custom_404_page PASSED           [  2%]
src/tests/test_api_integration.py::test_calculate_endpoint_free PASSED   [  2%]
src/tests/test_api_integration.py::test_auth_validate_session PASSED     [  2%]
src/tests/test_api_integration.py::test_token_creation PASSED            [  2%]
src/tests/test_api_integration.py::test_daily_briefing_endpoint PASSED   [  3%]
src/tests/test_api_integration.py::test_weekly_briefing_endpoint PASSED  [  3%]
src/tests/test_aspects.py::test_min_distance_same PASSED                 [  3%]
src/tests/test_aspects.py::test_min_distance_short PASSED                [  3%]
src/tests/test_aspects.py::test_min_distance_wraparound PASSED           [  3%]
src/tests/test_aspects.py::test_orb_allowance_sun_moon PASSED            [  4%]
src/tests/test_aspects.py::test_orb_allowance_mercury_venus PASSED       [  4%]
src/tests/test_aspects.py::test_is_applying_true PASSED                  [  4%]
src/tests/test_aspects.py::test_is_applying_separating PASSED            [  4%]
src/tests/test_aspects.py::test_calculate_aspects_conjunction PASSED     [  4%]
src/tests/test_aspects.py::test_calculate_aspects_opposition PASSED      [  5%]
src/tests/test_aspects.py::test_calculate_aspects_trine PASSED           [  5%]
src/tests/test_aspects.py::test_calculate_aspects_nodes_excluded PASSED  [  5%]
src/tests/test_aspects.py::test_calculate_aspects_returns_list PASSED    [  5%]
src/tests/test_aspects.py::test_aspect_dataclass PASSED                  [  5%]
src/tests/test_aspects.py::test_interpret_malefic_conjunction_day PASSED [  5%]
src/tests/test_aspects.py::test_interpret_benefic_trine PASSED           [  6%]
src/tests/test_astrology_tools.py::test_astrology_tools_calculate_chart PASSED [  6%]
src/tests/test_astrology_tools.py::test_astrology_tools_forensic_audit PASSED [  6%]
src/tests/test_astrology_tools.py::test_astrology_tools_find_electional_window PASSED [  6%]
src/tests/test_astrology_tools.py::test_astrology_tools_get_mundane_context PASSED [  6%]
src/tests/test_astrology_tools.py::test_astrology_tools_format_electional_report PASSED [  7%]
src/tests/test_audit.py::test_auditor_generate_full_nativity PASSED      [  7%]
src/tests/test_audit.py::test_auditor_invalid_input PASSED               [  7%]
src/tests/test_calculations.py::test_format_longitude_aries_zero PASSED  [  7%]
src/tests/test_calculations.py::test_format_longitude_leo PASSED         [  7%]
src/tests/test_calculations.py::test_format_longitude_wraparound PASSED  [  8%]
src/tests/test_calculations.py::test_format_longitude_negative PASSED    [  8%]
src/tests/test_calculations.py::test_format_longitude_each_sign PASSED   [  8%]
src/tests/test_calculations.py::test_format_longitude_dms_seconds_rollover PASSED [  8%]
src/tests/test_calculations.py::test_calculate_sect_day PASSED           [  8%]
src/tests/test_calculations.py::test_calculate_sect_night PASSED         [  9%]
src/tests/test_calculations.py::test_calculate_sect_horizon PASSED       [  9%]
src/tests/test_calculations.py::test_lunar_phase_new_moon PASSED         [  9%]
src/tests/test_calculations.py::test_lunar_phase_full_moon PASSED        [  9%]
src/tests/test_calculations.py::test_lunar_phase_crescent PASSED         [  9%]
src/tests/test_calculations.py::test_lunar_phase_balsamic PASSED         [ 10%]
src/tests/test_calculations.py::test_lunar_phase_all_phases PASSED       [ 10%]
src/tests/test_calculations.py::test_solar_status_sun_is_sun PASSED      [ 10%]
src/tests/test_calculations.py::test_solar_status_cazimi PASSED          [ 10%]
src/tests/test_calculations.py::test_solar_status_combust PASSED         [ 10%]
src/tests/test_calculations.py::test_solar_status_under_beams PASSED     [ 10%]
src/tests/test_calculations.py::test_solar_status_free PASSED            [ 11%]
src/tests/test_calculations.py::test_solar_status_moon_dark PASSED       [ 11%]
src/tests/test_calculations.py::test_solar_status_moon_under_beams PASSED [ 11%]
src/tests/test_calculations.py::test_solar_status_moon_free PASSED       [ 11%]
src/tests/test_calculations.py::test_via_combusta_inside PASSED          [ 11%]
src/tests/test_calculations.py::test_via_combusta_boundary_low PASSED    [ 12%]
src/tests/test_calculations.py::test_via_combusta_boundary_high PASSED   [ 12%]
src/tests/test_calculations.py::test_via_combusta_outside PASSED         [ 12%]
src/tests/test_calculations.py::test_besieged_between_malefics PASSED    [ 12%]
src/tests/test_calculations.py::test_not_besieged_too_far PASSED         [ 12%]
src/tests/test_calculations.py::test_mars_cannot_be_besieged PASSED      [ 13%]
src/tests/test_calculations.py::test_voc_with_applying_aspect PASSED     [ 13%]
src/tests/test_calculations.py::test_voc_late_sign_no_aspects PASSED     [ 13%]
src/tests/test_calculations.py::test_voc_no_moon PASSED                  [ 13%]
src/tests/test_calculations.py::test_prenatal_syzygy_returns_tuple PASSED [ 13%]
src/tests/test_calculator.py::test_get_coordinates PASSED                [ 14%]
src/tests/test_calculator.py::test_get_timezone PASSED                   [ 14%]
src/tests/test_calculator.py::test_get_local_datetime_now PASSED         [ 14%]
src/tests/test_calculator.py::test_calculate_chart_data_integration PASSED [ 14%]
src/tests/test_calculator.py::test_chart_calculator_class_compatibility PASSED [ 14%]
src/tests/test_calculator.py::test_julian_day_conversion PASSED          [ 15%]
src/tests/test_calculator.py::test_astronomy_functions PASSED            [ 15%]
src/tests/test_classical_mechanics.py::test_normalize_deg PASSED         [ 15%]
src/tests/test_classical_mechanics.py::test_get_sign_from_lon PASSED     [ 15%]
src/tests/test_classical_mechanics.py::test_antiscia_points_aries PASSED [ 15%]
src/tests/test_classical_mechanics.py::test_antiscia_points_cancer PASSED [ 15%]
src/tests/test_classical_mechanics.py::test_check_antiscia_aspect_exact PASSED [ 16%]
src/tests/test_classical_mechanics.py::test_check_antiscia_aspect_within_orb PASSED [ 16%]
src/tests/test_classical_mechanics.py::test_check_antiscia_aspect_outside_orb PASSED [ 16%]
src/tests/test_classical_mechanics.py::test_engine_check_shadow_aspects PASSED [ 16%]
src/tests/test_classical_mechanics.py::test_engine_get_antiscia PASSED   [ 16%]
src/tests/test_classical_mechanics.py::test_egyptian_term_ruler PASSED   [ 17%]
src/tests/test_classical_mechanics.py::test_dodecatemorion_valens PASSED [ 17%]
src/tests/test_classical_mechanics.py::test_dodecatemorion_valens_wrap PASSED [ 17%]
src/tests/test_classical_mechanics.py::test_dodecatemorion_paul PASSED   [ 17%]
src/tests/test_classical_mechanics.py::test_engine_get_dodecatemorion PASSED [ 17%]
src/tests/test_classical_mechanics.py::test_planetary_hours_radical PASSED [ 18%]
src/tests/test_classical_mechanics.py::test_planetary_hours_not_radical PASSED [ 18%]
src/tests/test_classical_mechanics.py::test_planetary_hours_night_lord PASSED [ 18%]
src/tests/test_classical_mechanics.py::test_planetary_hours_error PASSED [ 18%]
src/tests/test_classical_mechanics.py::test_engine_get_planetary_hours PASSED [ 18%]
src/tests/test_commercial_roadmap.py::test_enforce_rate_limit_agency PASSED [ 19%]
src/tests/test_commercial_roadmap.py::test_enforce_rate_limit_free_fallback PASSED [ 19%]
src/tests/test_commercial_roadmap.py::test_enforce_rate_limit_exceeded PASSED [ 19%]
src/tests/test_daily_navigator.py::TestDailyNavigatorEngine::test_briefing_returns_all_keys PASSED [ 19%]
src/tests/test_daily_navigator.py::TestDailyNavigatorEngine::test_profections_block_structure PASSED [ 19%]
src/tests/test_daily_navigator.py::TestDailyNavigatorEngine::test_firdaria_block_present PASSED [ 20%]
src/tests/test_daily_navigator.py::TestDailyNavigatorEngine::test_epitasis_detection PASSED [ 20%]
src/tests/test_daily_navigator.py::TestDailyNavigatorEngine::test_recommendations_block PASSED [ 20%]
src/tests/test_daily_navigator.py::TestDailyNavigatorEngine::test_forecast_summary_is_string PASSED [ 20%]
src/tests/test_daily_navigator.py::TestDailyNavigatorEngine::test_transits_are_list PASSED [ 20%]
src/tests/test_daily_navigator.py::TestDailyNavigatorEngine::test_planetary_day_block PASSED [ 20%]
src/tests/test_daily_navigator.py::TestDailyNavigatorEngine::test_moon_condition_block PASSED [ 21%]
src/tests/test_daily_navigator.py::TestDailyNavigatorEngine::test_different_target_dates PASSED [ 21%]
src/tests/test_daily_navigator.py::TestDailyNavigatorEngine::test_recommendations_urgency_valid PASSED [ 21%]
src/tests/test_db_auth.py::test_auth_flow PASSED                         [ 21%]
src/tests/test_decennials.py::test_get_zodiacal_sequence PASSED          [ 21%]
src/tests/test_decennials.py::test_select_apheta_sect_light PASSED       [ 22%]
src/tests/test_decennials.py::test_select_apheta_contrary_light PASSED   [ 22%]
src/tests/test_decennials.py::test_select_apheta_post_ascendant PASSED   [ 22%]
src/tests/test_decennials.py::test_generate_decennials PASSED            [ 22%]
src/tests/test_decumbiture.py::test_analyze_distemper PASSED             [ 22%]
src/tests/test_decumbiture.py::test_analyze_natal_constitution PASSED    [ 23%]
src/tests/test_decumbiture.py::test_analyze_natal_constitution_delicate PASSED [ 23%]
src/tests/test_decumbiture.py::test_get_contra_indications PASSED        [ 23%]
src/tests/test_decumbiture.py::test_check_prognosis_good PASSED          [ 23%]
src/tests/test_decumbiture.py::test_check_prognosis_bad PASSED           [ 23%]
src/tests/test_decumbiture.py::test_calculate_critical_days PASSED       [ 24%]
src/tests/test_dignities.py::test_sun_in_leo_domicile PASSED             [ 24%]
src/tests/test_dignities.py::test_sun_in_aquarius_detriment PASSED       [ 24%]
src/tests/test_dignities.py::test_sun_in_aries_exaltation PASSED         [ 24%]
src/tests/test_dignities.py::test_sun_in_libra_fall PASSED               [ 24%]
src/tests/test_dignities.py::test_dignity_returns_all_keys PASSED        [ 25%]
src/tests/test_dignities.py::test_triplicity_day_fire PASSED             [ 25%]
src/tests/test_dignities.py::test_triplicity_night_fire PASSED           [ 25%]
src/tests/test_dignities.py::test_all_planets_dignity_computable PASSED  [ 25%]
src/tests/test_dignities.py::test_variant_ptolemaic_terms PASSED         [ 25%]
src/tests/test_dignities.py::test_variant_ptolemaic_triplicity PASSED    [ 25%]
src/tests/test_dignities.py::test_variant_peregrine PASSED               [ 26%]
src/tests/test_dignities.py::test_house_number_whole_sign PASSED         [ 26%]
src/tests/test_dignities.py::test_house_number_opposite PASSED           [ 26%]
src/tests/test_dignities.py::test_house_number_with_cusps PASSED         [ 26%]
src/tests/test_dignities.py::test_monomoiria_ruler_returns_planet PASSED [ 26%]
src/tests/test_dignities.py::test_monomoiria_ruler_chaldean_rotation PASSED [ 27%]
src/tests/test_dignities.py::test_hayz_diurnal_planet_day PASSED         [ 27%]
src/tests/test_dignities.py::test_hayz_returns_dict PASSED               [ 27%]
src/tests/test_dignities.py::test_accidental_dignity_angular PASSED      [ 27%]
src/tests/test_dignities.py::test_accidental_dignity_retrograde PASSED   [ 27%]
src/tests/test_dignities.py::test_get_essential_rulers PASSED            [ 28%]
src/tests/test_dignities.py::test_planetary_joy_mercury_h1 PASSED        [ 28%]
src/tests/test_dignities.py::test_planetary_joy_wrong_house PASSED       [ 28%]
src/tests/test_dignities.py::test_planetary_joy_all PASSED               [ 28%]
src/tests/test_electional.py::test_evaluate_chart_basic PASSED           [ 28%]
src/tests/test_electional.py::test_evaluate_chart_mercantile PASSED      [ 29%]
src/tests/test_electional.py::test_evaluate_chart_void_of_course_moon PASSED [ 29%]
src/tests/test_electional.py::test_group_into_windows_empty PASSED       [ 29%]
src/tests/test_electional.py::test_group_into_windows_single PASSED      [ 29%]
src/tests/test_electional.py::test_group_into_windows_contiguous PASSED  [ 29%]
src/tests/test_electional.py::test_group_into_windows_gap PASSED         [ 30%]
src/tests/test_email_service.py::test_send_email_sendgrid_success PASSED [ 30%]
src/tests/test_email_service.py::test_send_email_sendgrid_failure PASSED [ 30%]
src/tests/test_email_service.py::test_send_email_smtp_success PASSED     [ 30%]
src/tests/test_email_service.py::test_send_email_no_provider PASSED      [ 30%]
src/tests/test_email_service.py::test_render_template PASSED             [ 30%]
src/tests/test_geniture.py::test_norm_diff_same PASSED                   [ 31%]
src/tests/test_geniture.py::test_norm_diff_wrap PASSED                   [ 31%]
src/tests/test_geniture.py::test_in_sign PASSED                          [ 31%]
src/tests/test_geniture.py::test_deg_in_sign PASSED                      [ 31%]
src/tests/test_geniture.py::test_essential_domicile PASSED               [ 31%]
src/tests/test_geniture.py::test_essential_detriment PASSED              [ 32%]
src/tests/test_geniture.py::test_essential_peregrine PASSED              [ 32%]
src/tests/test_geniture.py::test_house_score_angular PASSED              [ 32%]
src/tests/test_geniture.py::test_house_score_succedent_strong PASSED     [ 32%]
src/tests/test_geniture.py::test_house_score_12th PASSED                 [ 32%]
src/tests/test_geniture.py::test_house_score_8th PASSED                  [ 33%]
src/tests/test_geniture.py::test_motion_direct PASSED                    [ 33%]
src/tests/test_geniture.py::test_motion_retrograde PASSED                [ 33%]
src/tests/test_geniture.py::test_motion_swift PASSED                     [ 33%]
src/tests/test_geniture.py::test_solar_phase_sun_exempt PASSED           [ 33%]
src/tests/test_geniture.py::test_solar_phase_cazimi PASSED               [ 34%]
src/tests/test_geniture.py::test_solar_phase_combust PASSED              [ 34%]
src/tests/test_geniture.py::test_solar_phase_under_beams PASSED          [ 34%]
src/tests/test_geniture.py::test_orientality_moon_increasing PASSED      [ 34%]
src/tests/test_geniture.py::test_calculate_returns_expected_keys PASSED  [ 34%]
src/tests/test_geniture.py::test_calculate_scores_all_seven PASSED       [ 35%]
src/tests/test_geniture.py::test_calculate_winner_is_valid PASSED        [ 35%]
src/tests/test_geniture.py::test_calculate_score_has_breakdown PASSED    [ 35%]
src/tests/test_geniture.py::test_geniture_planet_score_dataclass PASSED  [ 35%]
src/tests/test_horary.py::test_moiety_orb PASSED                         [ 35%]
src/tests/test_horary.py::test_moiety_orb_nodes PASSED                   [ 35%]
src/tests/test_horary.py::test_aspect_distance_conjunction PASSED        [ 36%]
src/tests/test_horary.py::test_aspect_distance_square PASSED             [ 36%]
src/tests/test_horary.py::test_is_applying_returns_bool PASSED           [ 36%]
src/tests/test_horary.py::test_antiscia_0_degrees PASSED                 [ 36%]
src/tests/test_horary.py::test_antiscia_90_degrees PASSED                [ 36%]
src/tests/test_horary.py::test_antiscia_symmetry PASSED                  [ 37%]
src/tests/test_horary.py::test_refranation_slow_planet PASSED            [ 37%]
src/tests/test_horary.py::test_refranation_normal_speed PASSED           [ 37%]
src/tests/test_horary.py::test_mutual_reception_domicile PASSED          [ 37%]
src/tests/test_horary.py::test_quesited_house_career PASSED              [ 37%]
src/tests/test_horary.py::test_quesited_house_money PASSED               [ 38%]
src/tests/test_horary.py::test_quesited_house_health PASSED              [ 38%]
src/tests/test_horary.py::test_quesited_house_relationship PASSED        [ 38%]
src/tests/test_horary.py::test_quesited_house_default PASSED             [ 38%]
src/tests/test_horary.py::test_house_sign_first PASSED                   [ 38%]
src/tests/test_horary.py::test_house_sign_seventh PASSED                 [ 39%]
src/tests/test_horary.py::test_sect_score_diurnal_day PASSED             [ 39%]
src/tests/test_horary.py::test_sect_score_nocturnal_day PASSED           [ 39%]
src/tests/test_horary.py::test_sect_score_mercury PASSED                 [ 39%]
src/tests/test_horary.py::test_nature_score_benefic PASSED               [ 39%]
src/tests/test_horary.py::test_nature_score_malefic PASSED               [ 40%]
src/tests/test_horary.py::test_nature_score_neutral PASSED               [ 40%]
src/tests/test_horary.py::test_score_conditions_positive PASSED          [ 40%]
src/tests/test_horary.py::test_score_conditions_negative PASSED          [ 40%]
src/tests/test_horary.py::test_score_conditions_empty PASSED             [ 40%]
src/tests/test_horary.py::test_evaluate_strong_yes PASSED                [ 40%]
src/tests/test_horary.py::test_evaluate_strong_no PASSED                 [ 41%]
src/tests/test_horary.py::test_evaluate_unclear PASSED                   [ 41%]
src/tests/test_horary.py::test_build_horary_oracle PASSED                [ 41%]
src/tests/test_horary.py::test_analyze_horary_physics_returns_list PASSED [ 41%]
src/tests/test_horary.py::test_analyze_horary_physics_missing_planet PASSED [ 41%]
src/tests/test_horary.py::test_positive_conditions_set PASSED            [ 42%]
src/tests/test_horary.py::test_negative_conditions_set PASSED            [ 42%]
src/tests/test_horary.py::test_condition_weights_completeness FAILED     [ 42%]
src/tests/test_horary_api.py::test_horary_rate_limit PASSED              [ 42%]
src/tests/test_horary_perfections.py::test_void_of_course_hellenistic PASSED [ 42%]
src/tests/test_horary_perfections.py::test_besiegement PASSED            [ 43%]
src/tests/test_horary_perfections.py::test_strictures PASSED             [ 43%]
src/tests/test_hyleg.py::test_determine_hyleg_returns_dict PASSED        [ 43%]
src/tests/test_hyleg.py::test_determine_hyleg_day_chart PASSED           [ 43%]
src/tests/test_hyleg.py::test_determine_hyleg_night_chart PASSED         [ 43%]
src/tests/test_hyleg.py::test_determine_alcocoden_bonatti_method PASSED  [ 44%]
src/tests/test_hyleg.py::test_determine_alcocoden_valens_term PASSED     [ 44%]
src/tests/test_hyleg.py::test_calculate_lifespan_with_alcocoden PASSED   [ 44%]
src/tests/test_hyleg.py::test_calculate_lifespan_no_alcocoden PASSED     [ 44%]
src/tests/test_hyleg.py::test_determine_anareta_basic PASSED             [ 44%]
src/tests/test_hyleg.py::test_determine_anareta_no_hyleg PASSED          [ 45%]
src/tests/test_hyleg.py::test_determine_anareta_with_tight_malefic PASSED [ 45%]
src/tests/test_hyleg.py::test_planetary_years_table PASSED               [ 45%]
src/tests/test_kakosis.py::test_zodiac_index_aries PASSED                [ 45%]
src/tests/test_kakosis.py::test_zodiac_index_pisces PASSED               [ 45%]
src/tests/test_kakosis.py::test_zodiac_index_string PASSED               [ 45%]
src/tests/test_kakosis.py::test_zodiac_index_invalid PASSED              [ 46%]
src/tests/test_kakosis.py::test_malefic_mars_day PASSED                  [ 46%]
src/tests/test_kakosis.py::test_malefic_saturn_night PASSED              [ 46%]
src/tests/test_kakosis.py::test_non_malefic PASSED                       [ 46%]
src/tests/test_kakosis.py::test_check_maltreatments_returns_list PASSED  [ 46%]
src/tests/test_kakosis.py::test_overcoming_dexter_square PASSED          [ 47%]
src/tests/test_kakosis.py::test_opposition_malefic PASSED                [ 47%]
src/tests/test_kakosis.py::test_striking_ray_tight_square PASSED         [ 47%]
src/tests/test_kakosis.py::test_adherence_applying_conjunction PASSED    [ 47%]
src/tests/test_kakosis.py::test_besiegement_between_malefics PASSED      [ 47%]
src/tests/test_kakosis.py::test_intervention_reduces_severity PASSED     [ 48%]
src/tests/test_kakosis.py::test_intervention_no_benefic PASSED           [ 48%]
src/tests/test_kakosis.py::test_intervention_empty_conditions PASSED     [ 48%]
src/tests/test_kakosis.py::test_maltreatment_condition_dataclass PASSED  [ 48%]
src/tests/test_lot_library.py::test_lot_expansion PASSED                 [ 48%]
src/tests/test_lot_library.py::test_hermetic_engine_enrichment PASSED    [ 49%]
src/tests/test_lot_library.py::test_audit_integration PASSED             [ 49%]
src/tests/test_lots.py::test_lot_formula_basic PASSED                    [ 49%]
src/tests/test_lots.py::test_lot_formula_with_asc PASSED                 [ 49%]
src/tests/test_lots.py::test_lot_formula_wraparound PASSED               [ 49%]
src/tests/test_lots.py::test_lot_formula_negative_wrap PASSED            [ 50%]
src/tests/test_lots.py::test_all_lots_day_chart PASSED                   [ 50%]
src/tests/test_lots.py::test_all_lots_night_chart PASSED                 [ 50%]
src/tests/test_lots.py::test_fortune_spirit_sect_reversal PASSED         [ 50%]
src/tests/test_lots.py::test_fortune_formula PASSED                      [ 50%]
src/tests/test_lots.py::test_spirit_formula PASSED                       [ 50%]
src/tests/test_lots.py::test_hermetic_seven_present PASSED               [ 51%]
src/tests/test_lots.py::test_forensic_lots_present PASSED                [ 51%]
src/tests/test_lots.py::test_commodity_lots_present PASSED               [ 51%]
src/tests/test_lots.py::test_lot_position_fortune PASSED                 [ 51%]
src/tests/test_lots.py::test_lot_position_unknown PASSED                 [ 51%]
src/tests/test_lots.py::test_missing_planets_returns_empty PASSED        [ 52%]
src/tests/test_mansions.py::test_mansions_count PASSED                   [ 52%]
src/tests/test_mansions.py::test_mansions_have_required_keys PASSED      [ 52%]
src/tests/test_mansions.py::test_mansions_ids_sequential PASSED          [ 52%]
src/tests/test_mansions.py::test_mansions_cover_360 PASSED               [ 52%]
src/tests/test_mansions.py::test_mansion_boundaries_contiguous PASSED    [ 53%]
src/tests/test_mansions.py::test_mansion_width PASSED                    [ 53%]
src/tests/test_mansions.py::test_all_mansions_have_sources PASSED        [ 53%]
src/tests/test_mansions.py::test_mansion_first PASSED                    [ 53%]
src/tests/test_mansions.py::test_mansion_last PASSED                     [ 53%]
src/tests/test_mansions.py::test_mansion_middle PASSED                   [ 54%]
src/tests/test_mansions.py::test_mansion_aldebaran PASSED                [ 54%]
src/tests/test_mansions.py::test_mansion_wrap_360 PASSED                 [ 54%]
src/tests/test_mansions.py::test_mansion_negative_wrap PASSED            [ 54%]
src/tests/test_mansions.py::test_mansion_all_longitudes_valid PASSED     [ 54%]
src/tests/test_mansions.py::test_mansion_has_intents PASSED              [ 55%]
src/tests/test_mansions.py::test_mansion_width_constant PASSED           [ 55%]
src/tests/test_manual_options.py::test_options PASSED                    [ 55%]
src/tests/test_medical.py::test_get_body_part_for_sign PASSED            [ 55%]
src/tests/test_medical.py::test_check_moon_mercury_interference_exact_square PASSED [ 55%]
src/tests/test_medical.py::test_check_moon_mercury_interference_exact_opposition PASSED [ 55%]
src/tests/test_medical.py::test_check_moon_mercury_interference_no_aspect PASSED [ 56%]
src/tests/test_medical.py::test_can_perform_surgery_safe PASSED          [ 56%]
src/tests/test_medical.py::test_can_perform_surgery_unsafe_moon_sign PASSED [ 56%]
src/tests/test_medical.py::test_can_perform_surgery_unsafe_affliction PASSED [ 56%]
src/tests/test_medical.py::test_calculate_remediation_window PASSED      [ 56%]
src/tests/test_models.py::test_planet_sign_calculation PASSED            [ 57%]
src/tests/test_models.py::test_planet_is_retrograde PASSED               [ 57%]
src/tests/test_models.py::test_planet_defaults PASSED                    [ 57%]
src/tests/test_monetization.py::test_restore_session_invalid_token PASSED [ 57%]
src/tests/test_monetization.py::test_restore_session_flow PASSED         [ 57%]
src/tests/test_monetization.py::test_restore_session_no_data PASSED      [ 58%]
src/tests/test_mundane.py::test_check_eclipse_impact_direct_hit PASSED   [ 58%]
src/tests/test_mundane.py::test_check_eclipse_impact_exact PASSED        [ 58%]
src/tests/test_mundane.py::test_check_eclipse_impact_miss PASSED         [ 58%]
src/tests/test_mundane.py::test_check_eclipse_impact_wraparound PASSED   [ 58%]
src/tests/test_mundane.py::test_chorography_all_elements PASSED          [ 59%]
src/tests/test_mundane.py::test_sign_to_triplicity_coverage PASSED       [ 59%]
src/tests/test_mundane.py::test_mundane_engine_add_comet PASSED          [ 59%]
src/tests/test_mundane.py::test_mundane_engine_add_comet_saturnian PASSED [ 59%]
src/tests/test_mundane.py::test_mundane_engine_add_comet_jupiterian PASSED [ 59%]
src/tests/test_mundane.py::test_mundane_engine_add_comet_unknown PASSED  [ 60%]
src/tests/test_mundane.py::test_mundane_engine_world_firdaria PASSED     [ 60%]
src/tests/test_mundane.py::test_mundane_engine_mighty_firdaria PASSED    [ 60%]
src/tests/test_mundane.py::test_mundane_engine_aries_ingress PASSED      [ 60%]
src/tests/test_mundane_pillars.py::test_mean_motion_constants PASSED     [ 60%]
src/tests/test_mundane_pillars.py::test_mean_conjunction_era PASSED      [ 60%]
src/tests/test_mundane_pillars.py::test_mighty_firdaria PASSED           [ 61%]
src/tests/test_mundane_pillars.py::test_al_mubtazz_scoring PASSED        [ 61%]
src/tests/test_mundane_pillars.py::test_hierarchy_report_integration PASSED [ 61%]
src/tests/test_notifications.py::test_admin_notifications PASSED         [ 61%]
src/tests/test_oracle_refactor.py::test_oracle_loading PASSED            [ 61%]
src/tests/test_oracle_refactor.py::test_paid_tier_sequence PASSED        [ 62%]
src/tests/test_phasis.py::test_is_oriental_behind_sun PASSED             [ 62%]
src/tests/test_phasis.py::test_is_oriental_ahead_sun PASSED              [ 62%]
src/tests/test_phasis.py::test_is_oriental_wraparound PASSED             [ 62%]
src/tests/test_phasis.py::test_solar_proximity_cazimi PASSED             [ 62%]
src/tests/test_phasis.py::test_solar_proximity_combust PASSED            [ 63%]
src/tests/test_phasis.py::test_solar_proximity_under_beams PASSED        [ 63%]
src/tests/test_phasis.py::test_solar_proximity_free PASSED               [ 63%]
src/tests/test_phasis.py::test_solar_proximity_wraparound PASSED         [ 63%]
src/tests/test_phasis.py::test_synodic_phase_sun PASSED                  [ 63%]
src/tests/test_phasis.py::test_synodic_phase_cazimi PASSED               [ 64%]
src/tests/test_phasis.py::test_synodic_phase_station_retrograde PASSED   [ 64%]
src/tests/test_phasis.py::test_synodic_phase_station_direct PASSED       [ 64%]
src/tests/test_phasis.py::test_synodic_phase_superior_opposition PASSED  [ 64%]
src/tests/test_phasis.py::test_synodic_phase_returns_planetary_phase PASSED [ 64%]
src/tests/test_phasis.py::test_av_thresholds_completeness PASSED         [ 65%]
src/tests/test_phasis.py::test_av_threshold_venus_asymmetric PASSED      [ 65%]
src/tests/test_phasis.py::test_name_to_swe_mapping PASSED                [ 65%]
src/tests/test_phasis.py::test_visibility_sun_always_visible PASSED      [ 65%]
src/tests/test_phasis.py::test_visibility_non_traditional PASSED         [ 65%]
src/tests/test_phasis.py::test_visibility_details_keys PASSED            [ 65%]
src/tests/test_phasis.py::test_chariot_sun_in_leo PASSED                 [ 66%]
src/tests/test_phasis.py::test_chariot_not_in_dignity PASSED             [ 66%]
src/tests/test_pillar6_solar_return.py::test_lord_of_the_year_synthesis PASSED [ 66%]
src/tests/test_pillar7_world_firdaria.py::test_world_firdaria_calculation PASSED [ 66%]
src/tests/test_planetary_hours.py::test_planetary_hours_logic PASSED     [ 66%]
src/tests/test_planetary_hours.py::test_chaldean_order PASSED            [ 67%]
src/tests/test_planetary_hours.py::test_day_rulers_all_week[22-Sun] PASSED [ 67%]
src/tests/test_planetary_hours.py::test_day_rulers_all_week[23-Moon] PASSED [ 67%]
src/tests/test_planetary_hours.py::test_day_rulers_all_week[24-Mars] PASSED [ 67%]
src/tests/test_planetary_hours.py::test_day_rulers_all_week[25-Mercury] PASSED [ 67%]
src/tests/test_planetary_hours.py::test_day_rulers_all_week[26-Jupiter] PASSED [ 68%]
src/tests/test_planetary_hours.py::test_day_rulers_all_week[27-Venus] PASSED [ 68%]
src/tests/test_planetary_hours.py::test_day_rulers_all_week[28-Saturn] PASSED [ 68%]
src/tests/test_planetary_hours.py::test_night_phase PASSED               [ 68%]
src/tests/test_planetary_hours.py::test_classical_mechanics_day_lord PASSED [ 68%]
src/tests/test_prediction.py::test_profection_age_zero PASSED            [ 69%]
src/tests/test_prediction.py::test_profection_age_one PASSED             [ 69%]
src/tests/test_prediction.py::test_profection_age_twelve PASSED          [ 69%]
src/tests/test_prediction.py::test_profection_arbitrary PASSED           [ 69%]
src/tests/test_prediction.py::test_lord_of_year_aries PASSED             [ 69%]
src/tests/test_prediction.py::test_lord_of_year_leo PASSED               [ 70%]
src/tests/test_prediction.py::test_lord_of_year_pisces PASSED            [ 70%]
src/tests/test_prediction.py::test_monthly_profection_continuous_month1 PASSED [ 70%]
src/tests/test_prediction.py::test_monthly_profection_continuous_month7 PASSED [ 70%]
src/tests/test_prediction.py::test_monthly_profection_saltatory PASSED   [ 70%]
src/tests/test_prediction.py::test_monthly_profection_unknown_method PASSED [ 70%]
src/tests/test_prediction.py::test_monthly_profection_saltatory_missing_args PASSED [ 71%]
src/tests/test_prediction.py::test_daily_profection_day1 PASSED          [ 71%]
src/tests/test_prediction.py::test_daily_profection_day3 PASSED          [ 71%]
src/tests/test_prediction.py::test_daily_profection_day4 PASSED          [ 71%]
src/tests/test_prediction.py::test_epitasis_days_returns_list PASSED     [ 71%]
src/tests/test_prediction.py::test_epitasis_days_same_sign PASSED        [ 72%]
src/tests/test_prediction.py::test_opposite_sign PASSED                  [ 72%]
src/tests/test_prediction.py::test_zr_years_all_signs PASSED             [ 72%]
src/tests/test_prediction.py::test_zr_years_sum PASSED                   [ 72%]
src/tests/test_prediction.py::test_zr_lifetime_map_structure PASSED      [ 72%]
src/tests/test_prediction.py::test_zr_lifetime_map_paragraphs PASSED     [ 73%]
src/tests/test_prediction.py::test_zr_periods_basic PASSED               [ 73%]
src/tests/test_prediction.py::test_firdaria_day_sum PASSED               [ 73%]
src/tests/test_prediction.py::test_firdaria_night_sum PASSED             [ 73%]
src/tests/test_prediction.py::test_firdaria_basic PASSED                 [ 73%]
src/tests/test_prediction.py::test_firdaria_night PASSED                 [ 74%]
src/tests/test_prediction.py::test_firdaria_at_birth PASSED              [ 74%]
src/tests/test_prediction.py::test_firdaria_before_birth PASSED          [ 74%]
src/tests/test_prediction.py::test_lunar_phase_new PASSED                [ 74%]
src/tests/test_prediction.py::test_lunar_phase_full PASSED               [ 74%]
src/tests/test_prediction.py::test_lunar_phase_all_eight PASSED          [ 75%]
src/tests/test_prediction.py::test_solar_arcs_age_30 PASSED              [ 75%]
src/tests/test_prediction.py::test_solar_arcs_wraparound PASSED          [ 75%]
src/tests/test_prediction.py::test_muntha_age_zero PASSED                [ 75%]
src/tests/test_prediction.py::test_muntha_age_5 PASSED                   [ 75%]
src/tests/test_prediction.py::test_muntha_full_cycle PASSED              [ 75%]
src/tests/test_primary_directions.py::test_normalize_deg PASSED          [ 76%]
src/tests/test_primary_directions.py::test_ptolemy_key PASSED            [ 76%]
src/tests/test_primary_directions.py::test_format_years PASSED           [ 76%]
src/tests/test_primary_directions.py::test_ecliptic_to_equatorial PASSED [ 76%]
src/tests/test_primary_directions.py::test_calculate_ad_and_arcs PASSED  [ 76%]
src/tests/test_primary_directions.py::test_calculate_md PASSED           [ 77%]
src/tests/test_primary_directions.py::test_calculate_pole PASSED         [ 77%]
src/tests/test_primary_directions.py::test_calculate_mundane_position PASSED [ 77%]
src/tests/test_primary_directions.py::test_get_full_speculum PASSED      [ 77%]
src/tests/test_primary_directions.py::test_calculate_current_distributor PASSED [ 77%]
src/tests/test_primary_directions.py::test_calculate_circumambulations PASSED [ 78%]
src/tests/test_primary_directions.py::test_calculate_directions_to_angles PASSED [ 78%]
src/tests/test_primary_directions.py::test_calculate_directions_to_point PASSED [ 78%]
src/tests/test_primary_directions.py::test_calculate_directions_to_planets PASSED [ 78%]
src/tests/test_purchase_flow.py::test_onetime_purchase_flow PASSED       [ 78%]
src/tests/test_reception.py::test_analyze_reception_domicile PASSED      [ 79%]
src/tests/test_reception.py::test_analyze_reception_no_dignity PASSED    [ 79%]
src/tests/test_reception.py::test_analyze_reception_strict_mode PASSED   [ 79%]
src/tests/test_reception.py::test_reception_dataclass PASSED             [ 79%]
src/tests/test_reception.py::test_mutual_receptions_returns_list PASSED  [ 79%]
src/tests/test_reception.py::test_mutual_reception_type_classification PASSED [ 80%]
src/tests/test_reception.py::test_mutual_receptions_sorted_by_score PASSED [ 80%]
src/tests/test_reception.py::test_get_face_ruler PASSED                  [ 80%]
src/tests/test_reception.py::test_get_face_ruler_edge_degree PASSED      [ 80%]
src/tests/test_reception.py::test_get_term_ruler PASSED                  [ 80%]
src/tests/test_reception.py::test_get_triplicity_rulers PASSED           [ 80%]
src/tests/test_stars.py::test_stars_catalog_count PASSED                 [ 81%]
src/tests/test_stars.py::test_stars_have_required_fields PASSED          [ 81%]
src/tests/test_stars.py::test_royal_stars_present PASSED                 [ 81%]
src/tests/test_stars.py::test_sirius_present PASSED                      [ 81%]
src/tests/test_stars.py::test_algol_has_special_orb PASSED               [ 81%]
src/tests/test_stars.py::test_spica_pure_benefic PASSED                  [ 82%]
src/tests/test_stars.py::test_all_stars_have_swe_name PASSED             [ 82%]
src/tests/test_stars.py::test_fixed_star_meta PASSED                     [ 82%]
src/tests/test_stars.py::test_shortest_dist_same PASSED                  [ 82%]
src/tests/test_stars.py::test_shortest_dist_normal PASSED                [ 82%]
src/tests/test_stars.py::test_shortest_dist_wraparound PASSED            [ 83%]
src/tests/test_stars.py::test_normalize_deg_positive PASSED              [ 83%]
src/tests/test_stars.py::test_normalize_deg_negative PASSED              [ 83%]
src/tests/test_stars.py::test_normalize_deg_zero PASSED                  [ 83%]
src/tests/test_stars.py::test_precess_longitude_no_jd PASSED             [ 83%]
src/tests/test_stars.py::test_equatorial_to_ecliptic_roundtrip PASSED    [ 84%]
src/tests/test_stars.py::test_ecliptic_to_equatorial_equinox PASSED      [ 84%]
src/tests/test_stars.py::test_star_contact_dataclass PASSED              [ 84%]
src/tests/test_stars.py::test_check_fixed_stars_returns_list PASSED      [ 84%]
src/tests/test_stars.py::test_conjunction_with_regulus PASSED            [ 84%]
src/tests/test_stars.py::test_conjunction_with_sirius PASSED             [ 85%]
src/tests/test_stars.py::test_no_conjunction_outside_orb PASSED          [ 85%]
src/tests/test_stars.py::test_angular_star_presence PASSED               [ 85%]
src/tests/test_stars.py::test_antares_aldebaran_axis_alert PASSED        [ 85%]
src/tests/test_stars.py::test_fixed_star_defaults PASSED                 [ 85%]
src/tests/test_subscription.py::test_start_trial_free_plan PASSED        [ 85%]
src/tests/test_subscription.py::test_start_trial_pro_plan PASSED         [ 86%]
src/tests/test_subscription.py::test_create_checkout_session_recurring PASSED [ 86%]
src/tests/test_subscription.py::test_create_checkout_session_onetime PASSED [ 86%]
src/tests/test_subscription.py::test_process_subscription_success_new_sub PASSED [ 86%]
src/tests/test_subscription.py::test_get_usage_stats PASSED              [ 86%]
src/tests/test_synastry.py::test_synastry PASSED                         [ 87%]
src/tests/test_synthesis.py::test_synthesize_returns_string PASSED       [ 87%]
src/tests/test_synthesis.py::test_synthesize_contains_all_sections PASSED [ 87%]
src/tests/test_synthesis.py::test_executive_summary_almuten PASSED       [ 87%]
src/tests/test_synthesis.py::test_executive_summary_vitality PASSED      [ 87%]
src/tests/test_synthesis.py::test_executive_summary_anareta PASSED       [ 88%]
src/tests/test_synthesis.py::test_constitution_sect_and_temperament PASSED [ 88%]
src/tests/test_synthesis.py::test_constitution_humoral_scores PASSED     [ 88%]
src/tests/test_synthesis.py::test_constitution_string_temperament PASSED [ 88%]
src/tests/test_synthesis.py::test_dignity_breakdown_teams PASSED         [ 88%]
src/tests/test_synthesis.py::test_planetary_protocols_sun PASSED         [ 89%]
src/tests/test_synthesis.py::test_planetary_protocols_delineation PASSED [ 89%]
src/tests/test_synthesis.py::test_planetary_protocols_node_delineation PASSED [ 89%]
src/tests/test_synthesis.py::test_planetary_protocols_retrograde PASSED  [ 89%]
src/tests/test_synthesis.py::test_planetary_protocols_combust PASSED     [ 89%]
src/tests/test_synthesis.py::test_planetary_protocols_maltreatment PASSED [ 90%]
src/tests/test_synthesis.py::test_house_systems_12_rows PASSED           [ 90%]
src/tests/test_synthesis.py::test_aspect_analysis_sextile PASSED         [ 90%]
src/tests/test_synthesis.py::test_aspect_analysis_no_aspects PASSED      [ 90%]
src/tests/test_synthesis.py::test_aspect_analysis_applying PASSED        [ 90%]
src/tests/test_synthesis.py::test_fixed_stars_present PASSED             [ 90%]
src/tests/test_synthesis.py::test_fixed_stars_empty PASSED               [ 91%]
src/tests/test_synthesis.py::test_fate_timeline_profections PASSED       [ 91%]
src/tests/test_synthesis.py::test_fate_timeline_firdaria PASSED          [ 91%]
src/tests/test_synthesis.py::test_forensic_audit_lot PASSED              [ 91%]
src/tests/test_synthesis.py::test_universal_overrides_empty PASSED       [ 91%]
src/tests/test_temperament_nodes.py::test_element_qualities_fire PASSED  [ 92%]
src/tests/test_temperament_nodes.py::test_element_qualities_water PASSED [ 92%]
src/tests/test_temperament_nodes.py::test_element_qualities_all_signs PASSED [ 92%]
src/tests/test_temperament_nodes.py::test_temperament_returns_expected_keys PASSED [ 92%]
src/tests/test_temperament_nodes.py::test_temperament_scores_non_negative PASSED [ 92%]
src/tests/test_temperament_nodes.py::test_temperament_valid_type PASSED  [ 93%]
src/tests/test_temperament_nodes.py::test_temperament_breakdown_not_empty PASSED [ 93%]
src/tests/test_temperament_nodes.py::test_temperament_net_balance PASSED [ 93%]
src/tests/test_temperament_nodes.py::test_moon_phase_new PASSED          [ 93%]
src/tests/test_temperament_nodes.py::test_moon_phase_full_to_lastq PASSED [ 93%]
src/tests/test_temperament_nodes.py::test_moon_phase_all_quadrants PASSED [ 94%]
src/tests/test_temperament_nodes.py::test_season_spring PASSED           [ 94%]
src/tests/test_temperament_nodes.py::test_season_winter PASSED           [ 94%]
src/tests/test_temperament_nodes.py::test_season_all_signs PASSED        [ 94%]
src/tests/test_temperament_nodes.py::test_planet_natures_saturn PASSED   [ 94%]
src/tests/test_temperament_nodes.py::test_planet_natures_mercury_variable PASSED [ 95%]
src/tests/test_temperament_nodes.py::test_shortest_dist_same PASSED      [ 95%]
src/tests/test_temperament_nodes.py::test_shortest_dist_normal PASSED    [ 95%]
src/tests/test_temperament_nodes.py::test_shortest_dist_wraparound PASSED [ 95%]
src/tests/test_temperament_nodes.py::test_analyze_nodes_head_contact PASSED [ 95%]
src/tests/test_temperament_nodes.py::test_analyze_nodes_tail_contact PASSED [ 95%]
src/tests/test_temperament_nodes.py::test_analyze_nodes_bending PASSED   [ 96%]
src/tests/test_temperament_nodes.py::test_analyze_nodes_no_contacts PASSED [ 96%]
src/tests/test_temperament_nodes.py::test_analyze_nodes_orb PASSED       [ 96%]
src/tests/test_trace.py::test_computation_trace_initialization PASSED    [ 96%]
src/tests/test_trace.py::test_computation_trace_add PASSED               [ 96%]
src/tests/test_trace.py::test_computation_trace_categories_and_selection PASSED [ 97%]
src/tests/test_trace.py::test_computation_trace_to_dict PASSED           [ 97%]
src/tests/test_trace_generator.py::test_build_trace_object_success PASSED [ 97%]
src/tests/test_trace_generator.py::test_generate_trace_dict PASSED       [ 97%]
src/tests/test_trace_generator.py::test_build_trace_object_invalid PASSED [ 97%]
src/tests/test_trace_generator.py::test_generate_trace_invalid PASSED    [ 98%]
src/tests/test_traditional_pillars.py::test_alcabitius_houses PASSED     [ 98%]
src/tests/test_traditional_pillars.py::test_planetary_phasis_logic PASSED [ 98%]
src/tests/test_traditional_pillars.py::test_solar_proximity PASSED       [ 98%]
src/tests/test_traditional_pillars.py::test_decennial_apheta_selection PASSED [ 98%]
src/tests/test_traditional_pillars.py::test_decennial_sequence PASSED    [ 99%]
src/tests/test_traditional_pillars.py::test_phasis_stationarity PASSED   [ 99%]
src/tests/test_vitality.py::test_hyleg_selection PASSED                  [ 99%]
src/tests/test_vitality.py::test_alcocoden_selection PASSED              [ 99%]
src/tests/test_vitality.py::test_lifespan_calculation PASSED             [ 99%]
src/tests/test_zr.py::test_zr PASSED                                     [100%]

================================== FAILURES ===================================
_____________________ test_condition_weights_completeness _____________________

    def test_condition_weights_completeness():
        """All positive and negative conditions should have weights."""
        for c in POSITIVE_CONDITIONS:
            assert c in CONDITION_WEIGHTS, f"Missing weight for: {c}"
        for c in NEGATIVE_CONDITIONS:
            if c != "Abscission of Light":  # May not have a weight
>               assert c in CONDITION_WEIGHTS, f"Missing weight for: {c}"
E               AssertionError: Missing weight for: Besiegement
E               assert 'Besiegement' in {'Antiscia': 1, 'Collection of Light': 3, 'Contra-antiscia': -1, 'Direct Application': 4, ...}

src\tests\test_horary.py:285: AssertionError
=========================== short test summary info ===========================
FAILED src/tests/test_horary.py::test_condition_weights_completeness - Assert...
================== 1 failed, 519 passed in 425.69s (0:07:05) ==================
